[2026-09-23T18:59:38Z INFO  engine] Running demo: TERRARIA (seed: 42, headless: false)
[2026-09-23T18:59:38Z INFO  ker_engine] Initializing engine (headless: false, seed: 42)
[2026-09-23T18:59:38Z INFO  ker_engine::demo] Running Terraria demo (WINDOWED PLAYABLE MODE)
[2026-09-23T18:59:38Z INFO  ker_engine::demo] Controls:
[2026-09-23T18:59:38Z INFO  ker_engine::demo]   A/D or Arrow Keys - Move left/right
[2026-09-23T18:59:38Z INFO  ker_engine::demo]   Space - Jump
[2026-09-23T18:59:38Z INFO  ker_engine::demo]   Left Mouse - Dig block at cursor
[2026-09-23T18:59:38Z INFO  ker_engine::demo]   Right Mouse - Place block from hotbar
[2026-09-23T18:59:38Z INFO  ker_engine::demo]   1-9 - Select hotbar slot
[2026-09-23T18:59:38Z INFO  ker_engine::demo]   ESC - Quit
[2026-09-23T18:59:38Z INFO  ker_engine::demo] 
[2026-09-23T18:59:38Z INFO  ker_engine::demo] Goal: Dig, build, fight enemies, and survive!
[2026-09-23T18:59:38Z INFO  ker_engine::demo] Generating terrain (5×5 chunks)...
[2026-09-23T18:59:38Z INFO  ker_engine::demo] Creating window...
[2026-09-23T18:59:38Z INFO  ker_engine::render] Initializing windowed render context (1024×768)
[2026-09-23T18:59:38Z INFO  wgpu_hal::vulkan::instance] Debug utils not enabled: debug_utils_user_data not passed to Instance::from_raw
[2026-09-23T18:59:38Z WARN  wgpu_hal::vulkan::conv] Unrecognized present mode 1000361000
[2026-09-23T18:59:39Z INFO  wgpu_core::instance] Adapter Vulkan AdapterInfo { name: "NVIDIA GeForce RTX 5070 Ti", vendor: 4318, device: 11269, device_type: DiscreteGpu, driver: "NVIDIA", driver_info: "616.56", backend: Vulkan }
[2026-09-23T18:59:39Z INFO  ker_engine::render] Using adapter: AdapterInfo { name: "NVIDIA GeForce RTX 5070 Ti", vendor: 4318, device: 11269, device_type: DiscreteGpu, driver: "NVIDIA", driver_info: "616.56", backend: Vulkan }
[2026-09-23T18:59:39Z WARN  wgpu_hal::vulkan::conv] Unrecognized present mode 1000361000
[2026-09-23T18:59:39Z WARN  wgpu_hal::vulkan::conv] Unrecognized present mode 1000361000
[2026-09-23T18:59:39Z INFO  wgpu_core::device::resource] Device::maintain: waiting for submission index 0
[2026-09-23T18:59:39Z INFO  ker_engine::demo] Window created with wgpu surface rendering
[2026-09-23T18:59:39Z WARN  wgpu_hal::vulkan::conv] Unrecognized present mode 1000361000
[2026-09-23T18:59:39Z INFO  wgpu_core::device::resource] Device::maintain: waiting for submission index 0
[2026-09-23T18:59:39Z WARN  wgpu_hal::vulkan::conv] Unrecognized present mode 1000361000
[2026-09-23T18:59:39Z INFO  wgpu_core::device::resource] Device::maintain: waiting for submission index 0
[2026-09-23T18:59:39Z WARN  wgpu_hal::vulkan::conv] Unrecognized present mode 1000361000
[2026-09-23T18:59:39Z INFO  wgpu_core::device::resource] Device::maintain: waiting for submission index 0
[2026-09-23T18:59:39Z INFO  wgpu_core::device::resource] Device::maintain: waiting for submission index 0
[2026-09-23T18:59:39Z INFO  wgpu_core::device::resource] Device::maintain: waiting for submission index 1
[2026-09-23T18:59:39Z INFO  wgpu_core::device::resource] Device::maintain: waiting for submission index 2
[2026-09-23T18:59:39Z INFO  wgpu_core::device::resource] Device::maintain: waiting for submission index 3
[2026-09-23T18:59:39Z INFO  wgpu_core::device::resource] Device::maintain: waiting for submission index 4
[2026-09-23T18:59:39Z INFO  wgpu_core::device::resource] Device::maintain: waiting for submission index 5
[2026-09-23T18:59:39Z INFO  wgpu_core::device::resource] Device::maintain: waiting for submission index 6
[2026-09-23T18:59:39Z INFO  wgpu_core::device::resource] Device::maintain: waiting for submission index 7
[2026-09-23T18:59:39Z INFO  wgpu_core::device::resource] Device::maintain: waiting for submission index 8
[2026-09-23T18:59:39Z INFO  wgpu_core::device::resource] Device::maintain: waiting for submission index 9
[2026-09-23T18:59:39Z INFO  wgpu_core::device::resource] Device::maintain: waiting for submission index 10
[2026-09-23T18:59:39Z INFO  wgpu_core::device::resource] Device::maintain: waiting for submission index 11
[2026-09-23T18:59:39Z INFO  wgpu_core::device::resource] Device::maintain: waiting for submission index 12
[2026-09-23T18:59:39Z INFO  wgpu_core::device::resource] Device::maintain: waiting for submission index 13
[2026-09-23T18:59:39Z INFO  wgpu_core::device::resource] Device::maintain: waiting for submission index 14
[2026-09-23T18:59:39Z INFO  wgpu_core::device::resource] Device::maintain: waiting for submission index 15
[2026-09-23T18:59:39Z INFO  wgpu_core::device::resource] Device::maintain: waiting for submission index 16
[2026-09-23T18:59:39Z INFO  wgpu_core::device::resource] Device::maintain: waiting for submission index 17
[2026-09-23T18:59:39Z INFO  wgpu_core::device::resource] Device::maintain: waiting for submission index 18
[2026-09-23T18:59:39Z INFO  wgpu_core::device::resource] Device::maintain: waiting for submission index 19
[2026-09-23T18:59:40Z INFO  wgpu_core::device::resource] Device::maintain: waiting for submission index 20
[2026-09-23T18:59:40Z INFO  wgpu_core::device::resource] Device::maintain: waiting for submission index 21
[2026-09-23T18:59:40Z INFO  wgpu_core::device::resource] Device::maintain: waiting for submission index 22
[2026-09-23T18:59:40Z INFO  wgpu_core::device::resource] Device::maintain: waiting for submission index 23
[2026-09-23T18:59:40Z INFO  wgpu_core::device::resource] Device::maintain: waiting for submission index 24
[2026-09-23T18:59:40Z INFO  wgpu_core::device::resource] Device::maintain: waiting for submission index 25
[2026-09-23T18:59:40Z INFO  wgpu_core::device::resource] Device::maintain: waiting for submission index 26
[2026-09-23T18:59:40Z INFO  wgpu_core::device::resource] Device::maintain: waiting for submission index 27
[2026-09-23T18:59:40Z INFO  wgpu_core::device::resource] Device::maintain: waiting for submission index 28
[2026-09-23T18:59:40Z INFO  wgpu_core::device::resource] Device::maintain: waiting for submission index 29
[2026-09-23T18:59:40Z INFO  wgpu_core::device::resource] Device::maintain: waiting for submission index 30
[2026-09-23T18:59:40Z INFO  wgpu_core::device::resource] Device::maintain: waiting for submission index 31
[2026-09-23T18:59:40Z INFO  wgpu_core::device::resource] Device::maintain: waiting for submission index 32
[2026-09-23T18:59:40Z INFO  wgpu_core::device::resource] Device::maintain: waiting for submission index 33
[2026-09-23T18:59:40Z INFO  wgpu_core::device::resource] Device::maintain: waiting for submission index 34
[2026-09-23T18:59:40Z INFO  wgpu_core::device::resource] Device::maintain: waiting for submission index 35
[2026-09-23T18:59:40Z INFO  wgpu_core::device::resource] Device::maintain: waiting for submission index 36
[2026-09-23T18:59:40Z INFO  wgpu_core::device::resource] Device::maintain: waiting for submission index 37
[2026-09-23T18:59:40Z INFO  wgpu_core::device::resource] Device::maintain: waiting for submission index 38
[2026-09-23T18:59:40Z INFO  wgpu_core::device::resource] Device::maintain: waiting for submission index 39
[2026-09-23T18:59:40Z INFO  wgpu_core::device::resource] Device::maintain: waiting for submission index 40
[2026-09-23T18:59:40Z INFO  wgpu_core::device::resource] Device::maintain: waiting for submission index 41
[2026-09-23T18:59:40Z INFO  wgpu_core::device::resource] Device::maintain: waiting for submission index 42
[2026-09-23T18:59:40Z INFO  wgpu_core::device::resource] Device::maintain: waiting for submission index 43
[2026-09-23T18:59:40Z INFO  wgpu_core::device::resource] Device::maintain: waiting for submission index 44
[2026-09-23T18:59:40Z INFO  wgpu_core::device::resource] Device::maintain: waiting for submission index 45
[2026-09-23T18:59:40Z INFO  wgpu_core::device::resource] Device::maintain: waiting for submission index 46
[2026-09-23T18:59:40Z INFO  wgpu_core::device::resource] Device::maintain: waiting for submission index 47
[2026-09-23T18:59:40Z INFO  wgpu_core::device::resource] Device::maintain: waiting for submission index 48
[2026-09-23T18:59:40Z INFO  wgpu_core::device::resource] Device::maintain: waiting for submission index 49
[2026-09-23T18:59:40Z INFO  wgpu_core::device::resource] Device::maintain: waiting for submission index 50
[2026-09-23T18:59:40Z INFO  wgpu_core::device::resource] Device::maintain: waiting for submission index 51
[2026-09-23T18:59:40Z INFO  wgpu_core::device::resource] Device::maintain: waiting for submission index 52
[2026-09-23T18:59:40Z INFO  wgpu_core::device::resource] Device::maintain: waiting for submission index 53
[2026-09-23T18:59:40Z INFO  wgpu_core::device::resource] Device::maintain: waiting for submission index 54
[2026-09-23T18:59:40Z INFO  wgpu_core::device::resource] Device::maintain: waiting for submission index 55
[2026-09-23T18:59:40Z INFO  wgpu_core::device::resource] Device::maintain: waiting for submission index 56
[2026-09-23T18:59:40Z INFO  wgpu_core::device::resource] Device::maintain: waiting for submission index 57
[2026-09-23T18:59:40Z INFO  wgpu_core::device::resource] Device::maintain: waiting for submission index 58
[2026-09-23T18:59:40Z INFO  wgpu_core::device::resource] Device::maintain: waiting for submission index 59
[2026-09-23T18:59:40Z INFO  wgpu_core::device::resource] Device::maintain: waiting for submission index 60
[2026-09-23T18:59:40Z INFO  wgpu_core::device::resource] Device::maintain: waiting for submission index 61
[2026-09-23T18:59:40Z INFO  wgpu_core::device::resource] Device::maintain: waiting for submission index 62
[2026-09-23T18:59:40Z INFO  wgpu_core::device::resource] Device::maintain: waiting for submission index 63
[2026-09-23T18:59:40Z INFO  wgpu_core::device::resource] Device::maintain: waiting for submission index 64
[2026-09-23T18:59:40Z INFO  wgpu_core::device::resource] Device::maintain: waiting for submission index 65
[2026-09-23T18:59:41Z INFO  wgpu_core::device::resource] Device::maintain: waiting for submission index 66
[2026-09-23T18:59:41Z INFO  wgpu_core::device::resource] Device::maintain: waiting for submission index 67
[2026-09-23T18:59:41Z INFO  wgpu_core::device::resource] Device::maintain: waiting for submission index 68
[2026-09-23T18:59:41Z INFO  wgpu_core::device::resource] Device::maintain: waiting for submission index 69
[2026-09-23T18:59:41Z INFO  wgpu_core::device::resource] Device::maintain: waiting for submission index 70
[2026-09-23T18:59:41Z INFO  wgpu_core::device::resource] Device::maintain: waiting for submission index 71
[2026-09-23T18:59:41Z INFO  wgpu_core::device::resource] Device::maintain: waiting for submission index 72
[2026-09-23T18:59:41Z INFO  wgpu_core::device::resource] Device::maintain: waiting for submission index 73
[2026-09-23T18:59:41Z INFO  wgpu_core::device::resource] Device::maintain: waiting for submission index 74
[2026-09-23T18:59:41Z INFO  wgpu_core::device::resource] Device::maintain: waiting for submission index 75
[2026-09-23T18:59:41Z INFO  wgpu_core::device::resource] Device::maintain: waiting for submission index 76
[2026-09-23T18:59:41Z INFO  wgpu_core::device::resource] Device::maintain: waiting for submission index 77
[2026-09-23T18:59:41Z INFO  wgpu_core::device::resource] Device::maintain: waiting for submission index 78
[2026-09-23T18:59:41Z INFO  wgpu_core::device::resource] Device::maintain: waiting for submission index 79
[2026-09-23T18:59:41Z INFO  wgpu_core::device::resource] Device::maintain: waiting for submission index 80
[2026-09-23T18:59:41Z INFO  wgpu_core::device::resource] Device::maintain: waiting for submission index 81
[2026-09-23T18:59:41Z INFO  wgpu_core::device::resource] Device::maintain: waiting for submission index 82
[2026-09-23T18:59:41Z INFO  wgpu_core::device::resource] Device::maintain: waiting for submission index 83
[2026-09-23T18:59:41Z INFO  wgpu_core::device::resource] Device::maintain: waiting for submission index 84
[2026-09-23T18:59:41Z INFO  wgpu_core::device::resource] Device::maintain: waiting for submission index 85
[2026-09-23T18:59:41Z INFO  wgpu_core::device::resource] Device::maintain: waiting for submission index 86
[2026-09-23T18:59:41Z INFO  wgpu_core::device::resource] Device::maintain: waiting for submission index 87
[2026-09-23T18:59:41Z INFO  wgpu_core::device::resource] Device::maintain: waiting for submission index 88
[2026-09-23T18:59:41Z INFO  wgpu_core::device::resource] Device::maintain: waiting for submission index 89
[2026-09-23T18:59:41Z INFO  wgpu_core::device::resource] Device::maintain: waiting for submission index 90
[2026-09-23T18:59:41Z INFO  wgpu_core::device::resource] Device::maintain: waiting for submission index 91
[2026-09-23T18:59:41Z INFO  wgpu_core::device::resource] Device::maintain: waiting for submission index 92
[2026-09-23T18:59:41Z INFO  wgpu_core::device::resource] Device::maintain: waiting for submission index 93
[2026-09-23T18:59:41Z INFO  wgpu_core::device::resource] Device::maintain: waiting for submission index 94
[2026-09-23T18:59:41Z INFO  wgpu_core::device::resource] Device::maintain: waiting for submission index 95
[2026-09-23T18:59:41Z INFO  wgpu_core::device::resource] Device::maintain: waiting for submission index 96
[2026-09-23T18:59:41Z INFO  wgpu_core::device::resource] Device::maintain: waiting for submission index 97
[2026-09-23T18:59:41Z INFO  wgpu_core::device::resource] Device::maintain: waiting for submission index 98
[2026-09-23T18:59:41Z INFO  wgpu_core::device::resource] Device::maintain: waiting for submission index 99
[2026-09-23T18:59:41Z INFO  wgpu_core::device::resource] Device::maintain: waiting for submission index 100
[2026-09-23T18:59:41Z INFO  wgpu_core::device::resource] Device::maintain: waiting for submission index 101
[2026-09-23T18:59:41Z INFO  wgpu_core::device::resource] Device::maintain: waiting for submission index 102
[2026-09-23T18:59:41Z INFO  wgpu_core::device::resource] Device::maintain: waiting for submission index 103
[2026-09-23T18:59:41Z INFO  wgpu_core::device::resource] Device::maintain: waiting for submission index 104
[2026-09-23T18:59:41Z INFO  wgpu_core::device::resource] Device::maintain: waiting for submission index 105
[2026-09-23T18:59:41Z INFO  wgpu_core::device::resource] Device::maintain: waiting for submission index 106
[2026-09-23T18:59:41Z INFO  wgpu_core::device::resource] Device::maintain: waiting for submission index 107
[2026-09-23T18:59:41Z INFO  wgpu_core::device::resource] Device::maintain: waiting for submission index 108
[2026-09-23T18:59:41Z INFO  wgpu_core::device::resource] Device::maintain: waiting for submission index 109
[2026-09-23T18:59:41Z INFO  wgpu_core::device::resource] Device::maintain: waiting for submission index 110
[2026-09-23T18:59:42Z INFO  wgpu_core::device::resource] Device::maintain: waiting for submission index 111
[2026-09-23T18:59:42Z INFO  wgpu_core::device::resource] Device::maintain: waiting for submission index 112
[2026-09-23T18:59:42Z INFO  wgpu_core::device::resource] Device::maintain: waiting for submission index 113
[2026-09-23T18:59:42Z INFO  wgpu_core::device::resource] Device::maintain: waiting for submission index 114
[2026-09-23T18:59:42Z INFO  wgpu_core::device::resource] Device::maintain: waiting for submission index 115
[2026-09-23T18:59:42Z INFO  wgpu_core::device::resource] Device::maintain: waiting for submission index 116
[2026-09-23T18:59:42Z INFO  wgpu_core::device::resource] Device::maintain: waiting for submission index 117
[2026-09-23T18:59:42Z INFO  wgpu_core::device::resource] Device::maintain: waiting for submission index 118
[2026-09-23T18:59:42Z INFO  wgpu_core::device::resource] Device::maintain: waiting for submission index 119
[2026-09-23T18:59:42Z INFO  wgpu_core::device::resource] Device::maintain: waiting for submission index 120
[2026-09-23T18:59:42Z INFO  wgpu_core::device::resource] Device::maintain: waiting for submission index 121
[2026-09-23T18:59:42Z INFO  wgpu_core::device::resource] Device::maintain: waiting for submission index 122
[2026-09-23T18:59:42Z INFO  wgpu_core::device::resource] Device::maintain: waiting for submission index 123
[2026-09-23T18:59:42Z INFO  wgpu_core::device::resource] Device::maintain: waiting for submission index 124
[2026-09-23T18:59:42Z INFO  wgpu_core::device::resource] Device::maintain: waiting for submission index 125
[2026-09-23T18:59:42Z INFO  wgpu_core::device::resource] Device::maintain: waiting for submission index 126
[2026-09-23T18:59:42Z INFO  wgpu_core::device::resource] Device::maintain: waiting for submission index 127
[2026-09-23T18:59:42Z INFO  wgpu_core::device::resource] Device::maintain: waiting for submission index 128
[2026-09-23T18:59:42Z INFO  wgpu_core::device::resource] Device::maintain: waiting for submission index 129
[2026-09-23T18:59:42Z INFO  wgpu_core::device::resource] Device::maintain: waiting for submission index 130
[2026-09-23T18:59:42Z INFO  wgpu_core::device::resource] Device::maintain: waiting for submission index 131
[2026-09-23T18:59:42Z INFO  wgpu_core::device::resource] Device::maintain: waiting for submission index 132
[2026-09-23T18:59:42Z INFO  wgpu_core::device::resource] Device::maintain: waiting for submission index 133
[2026-09-23T18:59:42Z INFO  wgpu_core::device::resource] Device::maintain: waiting for submission index 134
[2026-09-23T18:59:42Z INFO  wgpu_core::device::resource] Device::maintain: waiting for submission index 135
[2026-09-23T18:59:42Z INFO  wgpu_core::device::resource] Device::maintain: waiting for submission index 136
[2026-09-23T18:59:42Z INFO  wgpu_core::device::resource] Device::maintain: waiting for submission index 137
[2026-09-23T18:59:42Z INFO  wgpu_core::device::resource] Device::maintain: waiting for submission index 138
[2026-09-23T18:59:42Z INFO  wgpu_core::device::resource] Device::maintain: waiting for submission index 139
[2026-09-23T18:59:42Z INFO  wgpu_core::device::resource] Device::maintain: waiting for submission index 140
[2026-09-23T18:59:43Z INFO  wgpu_core::device::resource] Device::maintain: waiting for submission index 141
[2026-09-23T18:59:43Z INFO  wgpu_core::device::resource] Device::maintain: waiting for submission index 142
[2026-09-23T18:59:43Z INFO  wgpu_core::device::resource] Device::maintain: waiting for submission index 143
[2026-09-23T18:59:43Z INFO  wgpu_core::device::resource] Device::maintain: waiting for submission index 144
[2026-09-23T18:59:43Z INFO  wgpu_core::device::resource] Device::maintain: waiting for submission index 145
[2026-09-23T18:59:43Z INFO  wgpu_core::device::resource] Device::maintain: waiting for submission index 146
[2026-09-23T18:59:43Z INFO  wgpu_core::device::resource] Device::maintain: waiting for submission index 147
[2026-09-23T18:59:43Z INFO  wgpu_core::device::resource] Device::maintain: waiting for submission index 148
[2026-09-23T18:59:43Z INFO  wgpu_core::device::resource] Device::maintain: waiting for submission index 149
[2026-09-23T18:59:43Z INFO  wgpu_core::device::resource] Device::maintain: waiting for submission index 150
[2026-09-23T18:59:43Z INFO  wgpu_core::device::resource] Device::maintain: waiting for submission index 151
[2026-09-23T18:59:43Z INFO  wgpu_core::device::resource] Device::maintain: waiting for submission index 152
[2026-09-23T18:59:43Z INFO  wgpu_core::device::resource] Device::maintain: waiting for submission index 153
[2026-09-23T18:59:43Z INFO  wgpu_core::device::resource] Device::maintain: waiting for submission index 154
[2026-09-23T18:59:43Z INFO  wgpu_core::device::resource] Device::maintain: waiting for submission index 155
[2026-09-23T18:59:43Z INFO  wgpu_core::device::resource] Device::maintain: waiting for submission index 156
[2026-09-23T18:59:43Z INFO  wgpu_core::device::resource] Device::maintain: waiting for submission index 157
[2026-09-23T18:59:43Z INFO  wgpu_core::device::resource] Device::maintain: waiting for submission index 158
[2026-09-23T18:59:43Z INFO  wgpu_core::device::resource] Device::maintain: waiting for submission index 159
[2026-09-23T18:59:43Z INFO  wgpu_core::device::resource] Device::maintain: waiting for submission index 160
[2026-09-23T18:59:43Z INFO  wgpu_core::device::resource] Device::maintain: waiting for submission index 161
[2026-09-23T18:59:43Z INFO  wgpu_core::device::resource] Device::maintain: waiting for submission index 162
[2026-09-23T18:59:43Z INFO  wgpu_core::device::resource] Device::maintain: waiting for submission index 163
[2026-09-23T18:59:43Z INFO  wgpu_core::device::resource] Device::maintain: waiting for submission index 164
[2026-09-23T18:59:43Z INFO  wgpu_core::device::resource] Device::maintain: waiting for submission index 165
[2026-09-23T18:59:43Z INFO  wgpu_core::device::resource] Device::maintain: waiting for submission index 166
[2026-09-23T18:59:43Z INFO  wgpu_core::device::resource] Device::maintain: waiting for submission index 167
[2026-09-23T18:59:43Z INFO  wgpu_core::device::resource] Device::maintain: waiting for submission index 168
[2026-09-23T18:59:43Z INFO  wgpu_core::device::resource] Device::maintain: waiting for submission index 169
[2026-09-23T18:59:43Z INFO  wgpu_core::device::resource] Device::maintain: waiting for submission index 170
[2026-09-23T18:59:43Z INFO  wgpu_core::device::resource] Device::maintain: waiting for submission index 171
[2026-09-23T18:59:43Z INFO  wgpu_core::device::resource] Device::maintain: waiting for submission index 172
[2026-09-23T18:59:43Z INFO  wgpu_core::device::resource] Device::maintain: waiting for submission index 173
[2026-09-23T18:59:43Z INFO  wgpu_core::device::resource] Device::maintain: waiting for submission index 174
[2026-09-23T18:59:43Z INFO  wgpu_core::device::resource] Device::maintain: waiting for submission index 175
[2026-09-23T18:59:43Z INFO  wgpu_core::device::resource] Device::maintain: waiting for submission index 176
[2026-09-23T18:59:43Z INFO  wgpu_core::device::resource] Device::maintain: waiting for submission index 177
[2026-09-23T18:59:43Z INFO  wgpu_core::device::resource] Device::maintain: waiting for submission index 178
[2026-09-23T18:59:43Z INFO  wgpu_core::device::resource] Device::maintain: waiting for submission index 179
[2026-09-23T18:59:43Z INFO  wgpu_core::device::resource] Device::maintain: waiting for submission index 180
[2026-09-23T18:59:43Z INFO  wgpu_core::device::resource] Device::maintain: waiting for submission index 181
[2026-09-23T18:59:43Z INFO  wgpu_core::device::resource] Device::maintain: waiting for submission index 182
[2026-09-23T18:59:43Z INFO  wgpu_core::device::resource] Device::maintain: waiting for submission index 183
[2026-09-23T18:59:43Z INFO  wgpu_core::device::resource] Device::maintain: waiting for submission index 184
[2026-09-23T18:59:43Z INFO  wgpu_core::device::resource] Device::maintain: waiting for submission index 185
[2026-09-23T18:59:43Z INFO  wgpu_core::device::resource] Device::maintain: waiting for submission index 186
[2026-09-23T18:59:44Z INFO  wgpu_core::device::resource] Device::maintain: waiting for submission index 187
[2026-09-23T18:59:44Z INFO  wgpu_core::device::resource] Device::maintain: waiting for submission index 188
[2026-09-23T18:59:44Z INFO  wgpu_core::device::resource] Device::maintain: waiting for submission index 189
[2026-09-23T18:59:44Z INFO  wgpu_core::device::resource] Device::maintain: waiting for submission index 190
[2026-09-23T18:59:44Z INFO  wgpu_core::device::resource] Device::maintain: waiting for submission index 191
[2026-09-23T18:59:44Z INFO  wgpu_core::device::resource] Device::maintain: waiting for submission index 192
[2026-09-23T18:59:44Z INFO  wgpu_core::device::resource] Device::maintain: waiting for submission index 193
[2026-09-23T18:59:44Z INFO  wgpu_core::device::resource] Device::maintain: waiting for submission index 194
[2026-09-23T18:59:44Z INFO  wgpu_core::device::resource] Device::maintain: waiting for submission index 195
[2026-09-23T18:59:44Z INFO  wgpu_core::device::resource] Device::maintain: waiting for submission index 196
[2026-09-23T18:59:44Z INFO  wgpu_core::device::resource] Device::maintain: waiting for submission index 197
[2026-09-23T18:59:44Z INFO  wgpu_core::device::resource] Device::maintain: waiting for submission index 198
[2026-09-23T18:59:44Z INFO  wgpu_core::device::resource] Device::maintain: waiting for submission index 199
[2026-09-23T18:59:44Z INFO  wgpu_core::device::resource] Device::maintain: waiting for submission index 200
[2026-09-23T18:59:44Z INFO  wgpu_core::device::resource] Device::maintain: waiting for submission index 201
[2026-09-23T18:59:44Z INFO  wgpu_core::device::resource] Device::maintain: waiting for submission index 202
[2026-09-23T18:59:44Z INFO  wgpu_core::device::resource] Device::maintain: waiting for submission index 203
[2026-09-23T18:59:44Z INFO  wgpu_core::device::resource] Device::maintain: waiting for submission index 204
[2026-09-23T18:59:44Z INFO  wgpu_core::device::resource] Device::maintain: waiting for submission index 205
[2026-09-23T18:59:44Z INFO  wgpu_core::device::resource] Device::maintain: waiting for submission index 206
[2026-09-23T18:59:44Z INFO  wgpu_core::device::resource] Device::maintain: waiting for submission index 207
[2026-09-23T18:59:44Z INFO  wgpu_core::device::resource] Device::maintain: waiting for submission index 208
[2026-09-23T18:59:44Z INFO  wgpu_core::device::resource] Device::maintain: waiting for submission index 209
[2026-09-23T18:59:44Z INFO  wgpu_core::device::resource] Device::maintain: waiting for submission index 210
[2026-09-23T18:59:44Z INFO  wgpu_core::device::resource] Device::maintain: waiting for submission index 211
[2026-09-23T18:59:44Z INFO  wgpu_core::device::resource] Device::maintain: waiting for submission index 212
[2026-09-23T18:59:44Z INFO  wgpu_core::device::resource] Device::maintain: waiting for submission index 213
[2026-09-23T18:59:44Z INFO  wgpu_core::device::resource] Device::maintain: waiting for submission index 214
[2026-09-23T18:59:44Z INFO  wgpu_core::device::resource] Device::maintain: waiting for submission index 215
[2026-09-23T18:59:44Z INFO  wgpu_core::device::resource] Device::maintain: waiting for submission index 216
[2026-09-23T18:59:44Z INFO  wgpu_core::device::resource] Device::maintain: waiting for submission index 217
[2026-09-23T18:59:44Z INFO  wgpu_core::device::resource] Device::maintain: waiting for submission index 218
[2026-09-23T18:59:44Z INFO  wgpu_core::device::resource] Device::maintain: waiting for submission index 219
[2026-09-23T18:59:44Z INFO  wgpu_core::device::resource] Device::maintain: waiting for submission index 220
[2026-09-23T18:59:44Z INFO  wgpu_core::device::resource] Device::maintain: waiting for submission index 221
[2026-09-23T18:59:44Z INFO  wgpu_core::device::resource] Device::maintain: waiting for submission index 222
[2026-09-23T18:59:44Z INFO  wgpu_core::device::resource] Device::maintain: waiting for submission index 223
[2026-09-23T18:59:44Z INFO  wgpu_core::device::resource] Device::maintain: waiting for submission index 224
[2026-09-23T18:59:44Z INFO  wgpu_core::device::resource] Device::maintain: waiting for submission index 225
[2026-09-23T18:59:44Z INFO  wgpu_core::device::resource] Device::maintain: waiting for submission index 226
[2026-09-23T18:59:44Z INFO  wgpu_core::device::resource] Device::maintain: waiting for submission index 227
[2026-09-23T18:59:44Z INFO  wgpu_core::device::resource] Device::maintain: waiting for submission index 228
[2026-09-23T18:59:44Z INFO  wgpu_core::device::resource] Device::maintain: waiting for submission index 229
[2026-09-23T18:59:44Z INFO  wgpu_core::device::resource] Device::maintain: waiting for submission index 230
[2026-09-23T18:59:44Z INFO  wgpu_core::device::resource] Device::maintain: waiting for submission index 231
[2026-09-23T18:59:44Z INFO  wgpu_core::device::resource] Device::maintain: waiting for submission index 232
[2026-09-23T18:59:44Z INFO  wgpu_core::device::resource] Device::maintain: waiting for submission index 233
[2026-09-23T18:59:44Z INFO  wgpu_core::device::resource] Device::maintain: waiting for submission index 234
[2026-09-23T18:59:44Z INFO  wgpu_core::device::resource] Device::maintain: waiting for submission index 235
[2026-09-23T18:59:44Z INFO  wgpu_core::device::resource] Device::maintain: waiting for submission index 236
[2026-09-23T18:59:45Z INFO  wgpu_core::device::resource] Device::maintain: waiting for submission index 237
[2026-09-23T18:59:45Z INFO  wgpu_core::device::resource] Device::maintain: waiting for submission index 238
[2026-09-23T18:59:45Z INFO  wgpu_core::device::resource] Device::maintain: waiting for submission index 239
[2026-09-23T18:59:45Z INFO  wgpu_core::device::resource] Device::maintain: waiting for submission index 240
[2026-09-23T18:59:45Z INFO  wgpu_core::device::resource] Device::maintain: waiting for submission index 241
[2026-09-23T18:59:45Z INFO  wgpu_core::device::resource] Device::maintain: waiting for submission index 242
[2026-09-23T18:59:45Z INFO  wgpu_core::device::resource] Device::maintain: waiting for submission index 243
[2026-09-23T18:59:45Z INFO  wgpu_core::device::resource] Device::maintain: waiting for submission index 244
[2026-09-23T18:59:45Z INFO  wgpu_core::device::resource] Device::maintain: waiting for submission index 245
[2026-09-23T18:59:45Z INFO  wgpu_core::device::resource] Device::maintain: waiting for submission index 246
[2026-09-23T18:59:45Z INFO  wgpu_core::device::resource] Device::maintain: waiting for submission index 247
[2026-09-23T18:59:45Z INFO  wgpu_core::device::resource] Device::maintain: waiting for submission index 248
[2026-09-23T18:59:45Z INFO  wgpu_core::device::resource] Device::maintain: waiting for submission index 249
[2026-09-23T18:59:45Z INFO  wgpu_core::device::resource] Device::maintain: waiting for submission index 250
[2026-09-23T18:59:45Z INFO  wgpu_core::device::resource] Device::maintain: waiting for submission index 251
[2026-09-23T18:59:45Z INFO  wgpu_core::device::resource] Device::maintain: waiting for submission index 252
[2026-09-23T18:59:45Z INFO  wgpu_core::device::resource] Device::maintain: waiting for submission index 253
[2026-09-23T18:59:45Z INFO  wgpu_core::device::resource] Device::maintain: waiting for submission index 254
[2026-09-23T18:59:45Z INFO  wgpu_core::device::resource] Device::maintain: waiting for submission index 255
[2026-09-23T18:59:45Z INFO  wgpu_core::device::resource] Device::maintain: waiting for submission index 256
[2026-09-23T18:59:45Z INFO  wgpu_core::device::resource] Device::maintain: waiting for submission index 257
[2026-09-23T18:59:45Z INFO  wgpu_core::device::resource] Device::maintain: waiting for submission index 258
[2026-09-23T18:59:45Z INFO  wgpu_core::device::resource] Device::maintain: waiting for submission index 259
[2026-09-23T18:59:45Z INFO  wgpu_core::device::resource] Device::maintain: waiting for submission index 260
[2026-09-23T18:59:45Z INFO  wgpu_core::device::resource] Device::maintain: waiting for submission index 261
[2026-09-23T18:59:45Z INFO  wgpu_core::device::resource] Device::maintain: waiting for submission index 262
[2026-09-23T18:59:45Z INFO  wgpu_core::device::resource] Device::maintain: waiting for submission index 263
[2026-09-23T18:59:45Z INFO  wgpu_core::device::resource] Device::maintain: waiting for submission index 264
[2026-09-23T18:59:45Z INFO  wgpu_core::device::resource] Device::maintain: waiting for submission index 265
[2026-09-23T18:59:45Z INFO  wgpu_core::device::resource] Device::maintain: waiting for submission index 266
[2026-09-23T18:59:45Z INFO  wgpu_core::device::resource] Device::maintain: waiting for submission index 267
[2026-09-23T18:59:45Z INFO  wgpu_core::device::resource] Device::maintain: waiting for submission index 268
[2026-09-23T18:59:45Z INFO  wgpu_core::device::resource] Device::maintain: waiting for submission index 269
[2026-09-23T18:59:45Z INFO  wgpu_core::device::resource] Device::maintain: waiting for submission index 270
[2026-09-23T18:59:45Z INFO  wgpu_core::device::resource] Device::maintain: waiting for submission index 271
[2026-09-23T18:59:45Z INFO  wgpu_core::device::resource] Device::maintain: waiting for submission index 272
[2026-09-23T18:59:45Z INFO  wgpu_core::device::resource] Device::maintain: waiting for submission index 273
[2026-09-23T18:59:45Z INFO  wgpu_core::device::resource] Device::maintain: waiting for submission index 274
[2026-09-23T18:59:45Z INFO  wgpu_core::device::resource] Device::maintain: waiting for submission index 275
[2026-09-23T18:59:45Z INFO  wgpu_core::device::resource] Device::maintain: waiting for submission index 276
[2026-09-23T18:59:45Z INFO  wgpu_core::device::resource] Device::maintain: waiting for submission index 277
[2026-09-23T18:59:45Z INFO  wgpu_core::device::resource] Device::maintain: waiting for submission index 278
[2026-09-23T18:59:45Z INFO  wgpu_core::device::resource] Device::maintain: waiting for submission index 279
[2026-09-23T18:59:45Z INFO  wgpu_core::device::resource] Device::maintain: waiting for submission index 280
[2026-09-23T18:59:45Z INFO  wgpu_core::device::resource] Device::maintain: waiting for submission index 281
[2026-09-23T18:59:45Z INFO  wgpu_core::device::resource] Device::maintain: waiting for submission index 282
[2026-09-23T18:59:45Z INFO  wgpu_core::device::resource] Device::maintain: waiting for submission index 283
[2026-09-23T18:59:45Z INFO  wgpu_core::device::resource] Device::maintain: waiting for submission index 284
[2026-09-23T18:59:45Z INFO  wgpu_core::device::resource] Device::maintain: waiting for submission index 285
[2026-09-23T18:59:45Z INFO  wgpu_core::device::resource] Device::maintain: waiting for submission index 286
[2026-09-23T18:59:46Z INFO  wgpu_core::device::resource] Device::maintain: waiting for submission index 287
[2026-09-23T18:59:46Z INFO  wgpu_core::device::resource] Device::maintain: waiting for submission index 288
[2026-09-23T18:59:46Z INFO  wgpu_core::device::resource] Device::maintain: waiting for submission index 289
[2026-09-23T18:59:46Z INFO  wgpu_core::device::resource] Device::maintain: waiting for submission index 290
[2026-09-23T18:59:46Z INFO  wgpu_core::device::resource] Device::maintain: waiting for submission index 291
[2026-09-23T18:59:46Z INFO  wgpu_core::device::resource] Device::maintain: waiting for submission index 292
[2026-09-23T18:59:46Z INFO  wgpu_core::device::resource] Device::maintain: waiting for submission index 293
[2026-09-23T18:59:46Z INFO  wgpu_core::device::resource] Device::maintain: waiting for submission index 294
[2026-09-23T18:59:46Z INFO  wgpu_core::device::resource] Device::maintain: waiting for submission index 295
[2026-09-23T18:59:46Z INFO  wgpu_core::device::resource] Device::maintain: waiting for submission index 296
[2026-09-23T18:59:46Z INFO  wgpu_core::device::resource] Device::maintain: waiting for submission index 297
[2026-09-23T18:59:46Z INFO  wgpu_core::device::resource] Device::maintain: waiting for submission index 298
[2026-09-23T18:59:46Z INFO  wgpu_core::device::resource] Device::maintain: waiting for submission index 299
[2026-09-23T18:59:46Z INFO  wgpu_core::device::resource] Device::maintain: waiting for submission index 300
[2026-09-23T18:59:46Z INFO  wgpu_core::device::resource] Device::maintain: waiting for submission index 301
[2026-09-23T18:59:46Z INFO  wgpu_core::device::resource] Device::maintain: waiting for submission index 302
[2026-09-23T18:59:46Z INFO  wgpu_core::device::resource] Device::maintain: waiting for submission index 303
[2026-09-23T18:59:46Z INFO  wgpu_core::device::resource] Device::maintain: waiting for submission index 304
[2026-09-23T18:59:46Z INFO  wgpu_core::device::resource] Device::maintain: waiting for submission index 305
[2026-09-23T18:59:46Z INFO  wgpu_core::device::resource] Device::maintain: waiting for submission index 306
[2026-09-23T18:59:46Z INFO  wgpu_core::device::resource] Device::maintain: waiting for submission index 307
[2026-09-23T18:59:46Z INFO  wgpu_core::device::resource] Device::maintain: waiting for submission index 308
